// Jest Snapshot v1, https://goo.gl/fbAQLP

exports[`tests <AnonymousRoute/> component Test rendering component should render with given state from Redux store 1`] = `null`;
