// Jest Snapshot v1, https://goo.gl/fbAQLP

exports[`tests <MaterialTypes/> component Test rendering component should render with given state from Redux store 1`] = `
Array [
  <h5>
    Material Types
  </h5>,
  <div>
    <div>
      <label>
        <input
          checked={false}
          className="mr-2"
          onChange={[Function]}
          type="checkbox"
        />
        data
      </label>
    </div>
  </div>,
]
`;
