// Jest Snapshot v1, https://goo.gl/fbAQLP

exports[`tests <UserDetails/> component Test rendering component should render with given state from Redux store 1`] = `
<div
  className="container h-100"
>
  <div
    className="row h-100 justify-content-center align-items-center"
  >
    <div
      className="col-6 mx-auto"
    >
      <div
        className="card card-body bg-light"
      >
        <form
          onSubmit={[Function]}
        >
          <h5>
            User details
          </h5>
          <input
            className="form-control"
            defaultValue=""
            id="1"
            name="firstName"
            onChange={[Function]}
            placeholder="First name"
            type="text"
          />
          <br />
          <input
            className="form-control"
            defaultValue=""
            id="2"
            name="lastName"
            onChange={[Function]}
            placeholder="Last name"
            type="text"
          />
          <br />
          <input
            className="form-control"
            defaultValue=""
            id="3"
            name="photoUrl"
            onChange={[Function]}
            placeholder="Photo"
            type="text"
          />
          <br />
          <input
            className="form-control"
            defaultValue=""
            id="4"
            name="email"
            onChange={[Function]}
            placeholder="Email"
            type="text"
          />
          <br />
          <input
            className="form-control"
            id="5"
            minLength="4"
            name="password"
            onChange={[Function]}
            placeholder="Password"
            required={true}
            type="password"
          />
          <br />
          <button
            className="btn btn-block"
            name="Apply"
            type="submit"
          >
            Apply
          </button>
          <button
            className="btn btn-block"
            onClick={[Function]}
            to="/"
          >
            Cancel
          </button>
        </form>
      </div>
    </div>
  </div>
</div>
`;
